Please ring thae doorbell, John.
Please ring thea doorbell, John.
Please ring the adoorbell, John.
Please ring the daoorbell, John.
Please ring the doaorbell, John.
Please ring the dooarbell, John.
Please ring the doorabell, John.
Please ring the doorbaell, John.
Please ring the doorbeall, John.
Please ring the doorbelal, John.
Please ring the doorbella, John.
Please ring the doorbell,a John.
Please ring the doorbell, Johan.
Please ring the doorbell, Johna.
Please ringe the doorbell, John.
Please ring ethe doorbell, John.
Please ring thee doorbell, John.
Please ring thee doorbell, John.
Please ring the edoorbell, John.
Please ring the deoorbell, John.
Please ring the doeorbell, John.
Please ring the dooerbell, John.
Please ring the doorebell, John.
Please ring the doorbeell, John.
Please ring the doorbeell, John.
Please ring the doorbelel, John.
Please ring the doorbelle, John.
Please ring the doorbell,e John.
Please ring the doorbell, Johen.
Please iring the doorbell, John.
Please ring the idoorbell, John.
Please ring the dioorbell, John.
Please ring the doiorbell, John.
Please ring the dooirbell, John.
Please ring the dooribell, John.
Please ring the doorbiell, John.
Please ring the doorbeill, John.
Please ring the doorbelil, John.
Please ring the doorbelli, John.
Please ring the doorbell,i John.
Please ringo the doorbell, John.
Please ring othe doorbell, John.
Please ring theo doorbell, John.
Please ring the odoorbell, John.
Please ring the dooorbell, John.
Please ring the dooorbell, John.
Please ring the dooorbell, John.
Please ring the doorobell, John.
Please ring the doorboell, John.
Please ring the doorbeoll, John.
Please ring the doorbelol, John.
Please ring the doorbello, John.
Please ring the doorbell,o John.
Please ruing the doorbell, John.
Please ring the udoorbell, John.
Please ring the duoorbell, John.
Please ring the douorbell, John.
Please ring the doourbell, John.
Please ring the doorubell, John.
Please ring the doorbuell, John.
Please ring the doorbeull, John.
Please ring the doorbelul, John.
Please ring the doorbellu, John.
Please ring the doorbell,u John.
Found 64 alternatives.
