Expected 2 or 3 command line arguments, but got 4.
Please provide the path to the dictionary file as the first argument and a sentence as the second argument, with an int as the third argument (0 for vowels, 1 for the entire alphabet and leave blank for consonants).
