Adad mum to the list.
Adda mum to the list.
Add mum ato the list.
Add mum tao the list.
Add mum toa the list.
Add mum to thae list.
Add mum to thea list.
Add mum to the alist.
Add mum bto the list.
Add mum tbo the list.
Add mum tob the list.
Add mum to theb list.
Add mum to the blist.
cAdd mum to the list.
Add mum cto the list.
Add mum toc the list.
Add mum to tche list.
Add mum tdo the list.
Add mum tod the list.
Add mum to thed list.
Add meum to the list.
Add mume to the list.
Add mum eto the list.
Add mum toe the list.
Add mum to ethe list.
Add mum to thee list.
Add mum to thee list.
Add mum to the liest.
Add mum gto the list.
Add mum tog the list.
Add mum to the glist.
Add mum tho the list.
Add mum toh the list.
Addi mum to the list.
Add mum ito the list.
Add mum toi the list.
jAdd mum to the list.
Add mum tko the list.
lAdd mum to the list.
Add mulm to the list.
Add mum tlo the list.
Add mum tol the list.
Adod mum to the list.
Add mum oto the list.
Add mum too the list.
Add mum too the list.
Add mum to othe list.
Add mum to theo list.
mAdd mum to the list.
Admd mum to the list.
Add mumm to the list.
Add mumm to the list.
Add mum mto the list.
Add mum tmo the list.
Add mum tom the list.
Add mum to them list.
Addn mum to the list.
Add mum nto the list.
Add mum ton the list.
Add mum to then list.
Adod mum to the list.
Add mum oto the list.
Add mum too the list.
Add mum too the list.
Add mum to othe list.
Add mum to theo list.
Add mump to the list.
Add mum pto the list.
Add mum tpo the list.
Add mum top the list.
Add mum qto the list.
Addr mum to the list.
Add mum tro the list.
Add mum tor the list.
sAdd mum to the list.
Adds mum to the list.
Add musm to the list.
Add mums to the list.
Add mum tso the list.
Add mum tos the list.
Add mum to the lists.
tAdd mum to the list.
Add mum tot the list.
Addu mum to the list.
Add mumu to the list.
Add mum tou the list.
Add mum vto the list.
Add mum tov the list.
Add mum two the list.
Add mum tow the list.
Add mum to thew list.
Add mum tox the list.
Addy mum to the list.
Add mum toy the list.
Add mum to they list.
Add mum to the listy.
Add mum to the liszt.
Found 97 alternatives.

