Barking Dong.
Barking Dogs.
Barking Dogy.
Found 3 alternatives.

