very time the doorbell rang, the dog started barking.
Every tim the doorbell rang, the dog started barking.
Every time th doorbell rang, the dog started barking.
Every time the doorbell rng, the dog started barking.
Every time the doorbell rang, th dog started barking.
Every time the doorbell rang, the dg started barking.
Found 6 alternatives.
