Th hunter was an expert at tracking animals in the wild.
The hunter ws an expert at tracking animals in the wild.
The hunter was n expert at tracking animals in the wild.
The hunter was an expert t tracking animals in the wild.
The hunter was an expert at tracking animals n the wild.
The hunter was an expert at tracking animals in th wild.
Found 6 alternatives.
