Barking Doeg.
Barking Doge.
Barking Doig.
Barking Doug.
Found 4 alternatives.

