meldon
mellon
mellon
melmon
merlon
melons
melton
myelon
melony
Found 9 alternatives.

