File not found: badfile.txt (No such file or directory)
Invalid dictionary, aborting.
