Please reign the doorbell, John.
Found 1 alternatives.
