meum
mume
mulm
mumm
mumm
mump
musm
mums
mumu
Found 9 alternatives.

