adad
adda
cadd
addi
jadd
ladd
adod
madd
admd
addn
adod
addr
sadd
adds
tadd
addu
addy
Found 17 alternatives.

