Please ring thae doorbell, John.
Please ring thea doorbell, John.
Please ring the adoorbell, John.
Please ring the daoorbell, John.
Please ring the doaorbell, John.
Please ring the dooarbell, John.
Please ring the doorabell, John.
Please ring the doorbaell, John.
Please ring the doorbeall, John.
Please ring the doorbelal, John.
Please ring the doorbella, John.
Please ring the doorbell,a John.
Please ring the doorbell, Johan.
Please ring the doorbell, Johna.
Please bring the doorbell, John.
Please ring theb doorbell, John.
Please ring the bdoorbell, John.
Please ring the dboorbell, John.
Please ring the doborbell, John.
Please ring the doobrbell, John.
Please ring the doorbbell, John.
Please ring the doorbbell, John.
Please ring the doorbebll, John.
Please ring the doorbelbl, John.
Please ring the doorbellb, John.
Please ring the doorbell,b John.
Please ring tche doorbell, John.
Please ring the cdoorbell, John.
Please ring the dcoorbell, John.
Please ring the docorbell, John.
Please ring the doocrbell, John.
Please ring the doorcbell, John.
Please ring the doorbcell, John.
Please ring the doorbecll, John.
Please ring the doorbelcl, John.
Please ring the doorbellc, John.
Please ring the doorbell,c John.
Pleased ring the doorbell, John.
Please ring thed doorbell, John.
Please ring the ddoorbell, John.
Please ring the ddoorbell, John.
Please ring the dodorbell, John.
Please ring the doodrbell, John.
Please ring the doordbell, John.
Please ring the doorbdell, John.
Please ring the doorbedll, John.
Please ring the doorbeldl, John.
Please ring the doorbelld, John.
Please ring the doorbell,d John.
Please ringe the doorbell, John.
Please ring ethe doorbell, John.
Please ring thee doorbell, John.
Please ring thee doorbell, John.
Please ring the edoorbell, John.
Please ring the deoorbell, John.
Please ring the doeorbell, John.
Please ring the dooerbell, John.
Please ring the doorebell, John.
Please ring the doorbeell, John.
Please ring the doorbeell, John.
Please ring the doorbelel, John.
Please ring the doorbelle, John.
Please ring the doorbell,e John.
Please ring the doorbell, Johen.
Please ring the fdoorbell, John.
Please ring the dfoorbell, John.
Please ring the doforbell, John.
Please ring the doofrbell, John.
Please ring the doorfbell, John.
Please ring the doorbfell, John.
Please ring the doorbefll, John.
Please ring the doorbelfl, John.
Please ring the doorbellf, John.
Please ring the doorbell,f John.
Please gring the doorbell, John.
Please ring the gdoorbell, John.
Please ring the dgoorbell, John.
Please ring the dogorbell, John.
Please ring the doogrbell, John.
Please ring the doorgbell, John.
Please ring the doorbgell, John.
Please ring the doorbegll, John.
Please ring the doorbelgl, John.
Please ring the doorbellg, John.
Please ring the doorbell,g John.
Please ring the hdoorbell, John.
Please ring the dhoorbell, John.
Please ring the dohorbell, John.
Please ring the doohrbell, John.
Please ring the doorhbell, John.
Please ring the doorbhell, John.
Please ring the doorbehll, John.
Please ring the doorbelhl, John.
Please ring the doorbellh, John.
Please ring the doorbell,h John.
Please iring the doorbell, John.
Please ring the idoorbell, John.
Please ring the dioorbell, John.
Please ring the doiorbell, John.
Please ring the dooirbell, John.
Please ring the dooribell, John.
Please ring the doorbiell, John.
Please ring the doorbeill, John.
Please ring the doorbelil, John.
Please ring the doorbelli, John.
Please ring the doorbell,i John.
Please ring the jdoorbell, John.
Please ring the djoorbell, John.
Please ring the dojorbell, John.
Please ring the doojrbell, John.
Please ring the doorjbell, John.
Please ring the doorbjell, John.
Please ring the doorbejll, John.
Please ring the doorbeljl, John.
Please ring the doorbellj, John.
Please ring the doorbell,j John.
Please ring the kdoorbell, John.
Please ring the dkoorbell, John.
Please ring the dokorbell, John.
Please ring the dookrbell, John.
Please ring the doorkbell, John.
Please ring the doorbkell, John.
Please ring the doorbekll, John.
Please ring the doorbelkl, John.
Please ring the doorbellk, John.
Please ring the doorbell,k John.
Please ring the ldoorbell, John.
Please ring the dloorbell, John.
Please ring the dolorbell, John.
Please ring the doolrbell, John.
Please ring the doorlbell, John.
Please ring the doorblell, John.
Please ring the doorbelll, John.
Please ring the doorbelll, John.
Please ring the doorbelll, John.
Please ring the doorbell,l John.
Please ringo the doorbell, John.
Please ring othe doorbell, John.
Please ring theo doorbell, John.
Please ring the odoorbell, John.
Please ring the dooorbell, John.
Please ring the dooorbell, John.
Please ring the dooorbell, John.
Please ring the doorobell, John.
Please ring the doorboell, John.
Please ring the doorbeoll, John.
Please ring the doorbelol, John.
Please ring the doorbello, John.
Please ring the doorbell,o John.
Please ring them doorbell, John.
Please ring the mdoorbell, John.
Please ring the dmoorbell, John.
Please ring the domorbell, John.
Please ring the doomrbell, John.
Please ring the doormbell, John.
Please ring the doorbmell, John.
Please ring the doorbemll, John.
Please ring the doorbelml, John.
Please ring the doorbellm, John.
Please ring the doorbell,m John.
Please ring then doorbell, John.
Please ring the ndoorbell, John.
Please ring the dnoorbell, John.
Please ring the donorbell, John.
Please ring the doonrbell, John.
Please ring the doornbell, John.
Please ring the doorbnell, John.
Please ring the doorbenll, John.
Please ring the doorbelnl, John.
Please ring the doorbelln, John.
Please ring the doorbell,n John.
Please ringo the doorbell, John.
Please ring othe doorbell, John.
Please ring theo doorbell, John.
Please ring the odoorbell, John.
Please ring the dooorbell, John.
Please ring the dooorbell, John.
Please ring the dooorbell, John.
Please ring the doorobell, John.
Please ring the doorboell, John.
Please ring the doorbeoll, John.
Please ring the doorbelol, John.
Please ring the doorbello, John.
Please ring the doorbell,o John.
Please ring the pdoorbell, John.
Please ring the dpoorbell, John.
Please ring the doporbell, John.
Please ring the dooprbell, John.
Please ring the doorpbell, John.
Please ring the doorbpell, John.
Please ring the doorbepll, John.
Please ring the doorbelpl, John.
Please ring the doorbellp, John.
Please ring the doorbell,p John.
Please ring the qdoorbell, John.
Please ring the dqoorbell, John.
Please ring the doqorbell, John.
Please ring the dooqrbell, John.
Please ring the doorqbell, John.
Please ring the doorbqell, John.
Please ring the doorbeqll, John.
Please ring the doorbelql, John.
Please ring the doorbellq, John.
Please ring the doorbell,q John.
Pleaser ring the doorbell, John.
Please ring the rdoorbell, John.
Please ring the droorbell, John.
Please ring the dororbell, John.
Please ring the doorrbell, John.
Please ring the doorrbell, John.
Please ring the doorbrell, John.
Please ring the doorberll, John.
Please ring the doorbelrl, John.
Please ring the doorbellr, John.
Please ring the doorbell,r John.
Pleases ring the doorbell, John.
Please rings the doorbell, John.
Please ring the sdoorbell, John.
Please ring the dsoorbell, John.
Please ring the dosorbell, John.
Please ring the doosrbell, John.
Please ring the doorsbell, John.
Please ring the doorbsell, John.
Please ring the doorbesll, John.
Please ring the doorbelsl, John.
Please ring the doorbells, John.
Please ring the doorbell,s John.
Please ring the doorbell, Johns.
Please ring the tdoorbell, John.
Please ring the dtoorbell, John.
Please ring the dotorbell, John.
Please ring the dootrbell, John.
Please ring the doortbell, John.
Please ring the doorbtell, John.
Please ring the doorbetll, John.
Please ring the doorbeltl, John.
Please ring the doorbellt, John.
Please ring the doorbell,t John.
Please ruing the doorbell, John.
Please ring the udoorbell, John.
Please ring the duoorbell, John.
Please ring the douorbell, John.
Please ring the doourbell, John.
Please ring the doorubell, John.
Please ring the doorbuell, John.
Please ring the doorbeull, John.
Please ring the doorbelul, John.
Please ring the doorbellu, John.
Please ring the doorbell,u John.
Please ring the vdoorbell, John.
Please ring the dvoorbell, John.
Please ring the dovorbell, John.
Please ring the doovrbell, John.
Please ring the doorvbell, John.
Please ring the doorbvell, John.
Please ring the doorbevll, John.
Please ring the doorbelvl, John.
Please ring the doorbellv, John.
Please ring the doorbell,v John.
Please wring the doorbell, John.
Please ring thew doorbell, John.
Please ring the wdoorbell, John.
Please ring the dwoorbell, John.
Please ring the doworbell, John.
Please ring the doowrbell, John.
Please ring the doorwbell, John.
Please ring the doorbwell, John.
Please ring the doorbewll, John.
Please ring the doorbelwl, John.
Please ring the doorbellw, John.
Please ring the doorbell,w John.
Please ring the xdoorbell, John.
Please ring the dxoorbell, John.
Please ring the doxorbell, John.
Please ring the dooxrbell, John.
Please ring the doorxbell, John.
Please ring the doorbxell, John.
Please ring the doorbexll, John.
Please ring the doorbelxl, John.
Please ring the doorbellx, John.
Please ring the doorbell,x John.
Please ringy the doorbell, John.
Please ring they doorbell, John.
Please ring the ydoorbell, John.
Please ring the dyoorbell, John.
Please ring the doyorbell, John.
Please ring the dooyrbell, John.
Please ring the doorybell, John.
Please ring the doorbyell, John.
Please ring the doorbeyll, John.
Please ring the doorbelyl, John.
Please ring the doorbelly, John.
Please ring the doorbell,y John.
Please ring the doorbell, Johny.
Please ring the zdoorbell, John.
Please ring the dzoorbell, John.
Please ring the dozorbell, John.
Please ring the doozrbell, John.
Please ring the doorzbell, John.
Please ring the doorbzell, John.
Please ring the doorbezll, John.
Please ring the doorbelzl, John.
Please ring the doorbellz, John.
Please ring the doorbell,z John.
Found 304 alternatives.

